-- The CXX compiler identification is GNU 14.2.0
-- Detecting CXX compiler ABI info
-- Detecting CXX compiler ABI info - done
-- Check for working CXX compiler: /usr/bin/c++ - skipped
-- Detecting CXX compile features
-- Detecting CXX compile features - done
-- Performing Test CMAKE_HAVE_LIBC_PTHREAD
-- Performing Test CMAKE_HAVE_LIBC_PTHREAD - Success
-- Found Threads: TRUE
-- Performing Test HAVE_STDATOMIC
-- Performing Test HAVE_STDATOMIC - Success
-- Found WrapAtomic: TRUE
-- Found OpenGL: /mnt/data/mdps-work/qtroot/usr/lib/x86_64-linux-gnu/libOpenGL.so
-- Found WrapOpenGL: TRUE
-- Could NOT find XKB (missing: XKB_LIBRARY XKB_INCLUDE_DIR) (Required is at least version "0.5.0")
-- Found WrapVulkanHeaders: /mnt/data/mdps-work/qtroot/usr/include
-- Building With Qt6
-- Configuring done (0.4s)
-- Generating done (0.0s)
-- Build files have been written to: /mnt/data/mdps-work/work/build-local
